// Jest Snapshot v1, https://goo.gl/fbAQLP

exports[`render the History page with history data (snapshot test) 1`] = `
<div>
  <div>
    GitHub Username Search
  </div>
  <nav>
    <ul>
      <li>
        <a
          href="/search"
          onClick={[Function]}
        >
          Search
        </a>
      </li>
      <li>
        <a
          aria-current="page"
          href="/history"
          onClick={[Function]}
        >
          History
        </a>
      </li>
      <li>
        <a
          href="/about"
          onClick={[Function]}
        >
          About
        </a>
      </li>
    </ul>
  </nav>
  <div>
    <h2>
      History 
      (2)
    </h2>
    <div
      data-testid="historyList"
    >
      <div>
        <dt>
          <span>
            Thu, Jan 27, 2022, 06:04 PM
          </span>
          
        </dt>
        <dd>
          <a
            href="/search?username=reddit"
            onClick={[Function]}
          >
            reddit
          </a>
        </dd>
      </div>
      <div>
        <dt>
          <span>
            Thu, Jan 27, 2022, 06:04 PM
          </span>
          
        </dt>
        <dd>
          <a
            href="/search?username=graphql"
            onClick={[Function]}
          >
            graphql
          </a>
        </dd>
      </div>
    </div>
  </div>
</div>
`;
