// Jest Snapshot v1, https://goo.gl/fbAQLP

exports[`render the Search page with User and Repos data (snapshot test) 1`] = `
<div>
  <div>
    GitHub Username Search
  </div>
  <nav>
    <ul>
      <li>
        <a
          aria-current="page"
          href="/search"
          onClick={[Function]}
        >
          Search
        </a>
      </li>
      <li>
        <a
          href="/history"
          onClick={[Function]}
        >
          History
        </a>
      </li>
      <li>
        <a
          href="/about"
          onClick={[Function]}
        >
          About
        </a>
      </li>
    </ul>
  </nav>
  <div>
    <form
      onSubmit={[Function]}
    >
      <input
        autoCapitalize="none"
        autoComplete="off"
        autoCorrect="off"
        onChange={[Function]}
        placeholder="Username"
        spellCheck={false}
        type="text"
        value="reddit"
      />
      <button
        disabled={false}
        name="Search"
        type="submit"
      >
        Search
      </button>
      <div>
        Type in a full username (see
         
        <a
          href="./about"
          rel="noreferrer"
          target="_blank"
        >
          examples
        </a>
        ).
      </div>
    </form>
    <div>
      <div
        data-testid="userInfo"
      >
        <img
          alt="Avatar"
          height={100}
          src="https://avatars.githubusercontent.com/u/14248?v=4"
          width={100}
        />
        <h2>
          reddit
        </h2>
        <dl>
          <div>
            <dt>
              Username
              :
            </dt>
            <dd>
              <a
                href="https://github.com/reddit"
                rel="noreferrer"
                target="_blank"
              >
                reddit
              </a>
            </dd>
          </div>
          <div>
            <dt>
              Type
              :
            </dt>
            <dd>
              Organization
            </dd>
          </div>
          <div>
            <dt>
              Created
              :
            </dt>
            <dd>
              Jun 19, 2008
            </dd>
          </div>
          <div>
            <dt>
              Location
              :
            </dt>
            <dd>
              San Francisco, CA
            </dd>
          </div>
          <div>
            <dt>
              Blog
              :
            </dt>
            <dd>
              <a
                href="https://reddit.com/r/redditdev"
                rel="noreferrer"
                target="_blank"
              >
                https://reddit.com/r/redditdev
              </a>
            </dd>
          </div>
          <div>
            <dt>
              Repositories
              :
            </dt>
            <dd>
              88
            </dd>
          </div>
        </dl>
      </div>
    </div>
    <div>
      <h2>
        Repositories
        <div
          data-testid="topPagination"
        >
          <div>
            <span>
              &lt; Previous
            </span>
               Page 
            <span>
              1
            </span>
            /
            3
               
            <a
              href="/search?username=reddit&page=2"
              onClick={[Function]}
            >
              Next &gt;
            </a>
          </div>
        </div>
      </h2>
      <div>
        <div>
          <h3>
            <a
              href="https://github.com/reddit/baseplate.go"
              rel="noreferrer"
              target="_blank"
            >
              baseplate.go
            </a>
          </h3>
          <dl>
            <div>
              <dt>
                Description
                :
              </dt>
              <dd>
                Reddit's Service Framework in Go
              </dd>
            </div>
            <div>
              <dt>
                Homepage
                :
              </dt>
              <dd>
                <a
                  href="https://pkg.go.dev/github.com/reddit/baseplate.go"
                  rel="noreferrer"
                  target="_blank"
                >
                  https://pkg.go.dev/github.com/reddit/baseplate.go
                </a>
              </dd>
            </div>
            <div>
              <dt>
                Language
                :
              </dt>
              <dd>
                Go
              </dd>
            </div>
            <div>
              <dt>
                Stats
                :
              </dt>
              <dd>
                55
                 stars  |  
                38
                 forks
              </dd>
            </div>
            <div>
              <dt>
                Pushed
                :
              </dt>
              <dd>
                Jan 8, 2022, 02:24 AM
              </dd>
            </div>
          </dl>
        </div>
        <div>
          <h3>
            <a
              href="https://github.com/reddit/android-interview"
              rel="noreferrer"
              target="_blank"
            >
              android-interview
            </a>
          </h3>
          <dl>
            <div>
              <dt>
                Description
                :
              </dt>
              <dd>
                Sandbox for Android Programming Interview
              </dd>
            </div>
            <div>
              <dt>
                Language
                :
              </dt>
              <dd>
                Kotlin
              </dd>
            </div>
            <div>
              <dt>
                Stats
                :
              </dt>
              <dd>
                1
                 stars  |  
                4
                 forks
              </dd>
            </div>
            <div>
              <dt>
                Pushed
                :
              </dt>
              <dd>
                Jan 4, 2022, 07:05 PM
              </dd>
            </div>
          </dl>
        </div>
        <div>
          <h3>
            <a
              href="https://github.com/reddit/rules_apple"
              rel="noreferrer"
              target="_blank"
            >
              rules_apple
            </a>
          </h3>
          <dl>
            <div>
              <dt>
                Fork?
                :
              </dt>
              <dd>
                Yes
              </dd>
            </div>
            <div>
              <dt>
                Description
                :
              </dt>
              <dd>
                Bazel rules to build apps for Apple platforms.
              </dd>
            </div>
            
            <div>
              <dt>
                Pushed
                :
              </dt>
              <dd>
                Jan 3, 2022, 07:42 PM
              </dd>
            </div>
          </dl>
        </div>
        <div>
          <h3>
            <a
              href="https://github.com/reddit/baseplate.py"
              rel="noreferrer"
              target="_blank"
            >
              baseplate.py
            </a>
          </h3>
          <dl>
            <div>
              <dt>
                Description
                :
              </dt>
              <dd>
                reddit's python service framework
              </dd>
            </div>
            <div>
              <dt>
                Homepage
                :
              </dt>
              <dd>
                <a
                  href="https://baseplate.readthedocs.io"
                  rel="noreferrer"
                  target="_blank"
                >
                  https://baseplate.readthedocs.io
                </a>
              </dd>
            </div>
            <div>
              <dt>
                Language
                :
              </dt>
              <dd>
                Python
              </dd>
            </div>
            <div>
              <dt>
                Stats
                :
              </dt>
              <dd>
                469
                 stars  |  
                134
                 forks
              </dd>
            </div>
            <div>
              <dt>
                Pushed
                :
              </dt>
              <dd>
                Dec 23, 2021, 02:07 AM
              </dd>
            </div>
          </dl>
        </div>
        <div>
          <h3>
            <a
              href="https://github.com/reddit/baseplate.py-upgrader"
              rel="noreferrer"
              target="_blank"
            >
              baseplate.py-upgrader
            </a>
          </h3>
          <dl>
            <div>
              <dt>
                Description
                :
              </dt>
              <dd>
                automates much of the work of upgrading to newer baseplate.py versions
              </dd>
            </div>
            
            <div>
              <dt>
                Language
                :
              </dt>
              <dd>
                Python
              </dd>
            </div>
            <div>
              <dt>
                Stats
                :
              </dt>
              <dd>
                5
                 stars  |  
                3
                 forks
              </dd>
            </div>
            <div>
              <dt>
                Pushed
                :
              </dt>
              <dd>
                Dec 20, 2021, 10:21 PM
              </dd>
            </div>
          </dl>
        </div>
        <div>
          <h3>
            <a
              href="https://github.com/reddit/xctestrunner"
              rel="noreferrer"
              target="_blank"
            >
              xctestrunner
            </a>
          </h3>
          <dl>
            <div>
              <dt>
                Fork?
                :
              </dt>
              <dd>
                Yes
              </dd>
            </div>
            <div>
              <dt>
                Description
                :
              </dt>
              <dd>
                A executable binary to run prebuilt iOS tests on iOS simulator/real device.
              </dd>
            </div>
            
            <div>
              <dt>
                Pushed
                :
              </dt>
              <dd>
                Dec 15, 2021, 06:09 PM
              </dd>
            </div>
          </dl>
        </div>
        <div>
          <h3>
            <a
              href="https://github.com/reddit/cqlmapper"
              rel="noreferrer"
              target="_blank"
            >
              cqlmapper
            </a>
          </h3>
          <dl>
            <div>
              <dt>
                Description
                :
              </dt>
              <dd>
                A baseplate compatible fork of datastax' cqlengine library
              </dd>
            </div>
            <div>
              <dt>
                Language
                :
              </dt>
              <dd>
                Python
              </dd>
            </div>
            <div>
              <dt>
                Stats
                :
              </dt>
              <dd>
                9
                 stars  |  
                11
                 forks
              </dd>
            </div>
            <div>
              <dt>
                Pushed
                :
              </dt>
              <dd>
                Dec 13, 2021, 10:05 PM
              </dd>
            </div>
          </dl>
        </div>
        <div>
          <h3>
            <a
              href="https://github.com/reddit/error-pages"
              rel="noreferrer"
              target="_blank"
            >
              error-pages
            </a>
          </h3>
          <dl>
            <div>
              <dt>
                Description
                :
              </dt>
              <dd>
                the bummer mobile
              </dd>
            </div>
            
            <div>
              <dt>
                Language
                :
              </dt>
              <dd>
                HTML
              </dd>
            </div>
            <div>
              <dt>
                Stats
                :
              </dt>
              <dd>
                28
                 stars  |  
                24
                 forks
              </dd>
            </div>
            <div>
              <dt>
                Pushed
                :
              </dt>
              <dd>
                Dec 8, 2021, 11:59 PM
              </dd>
            </div>
          </dl>
        </div>
        <div>
          <h3>
            <a
              href="https://github.com/reddit/edgecontext"
              rel="noreferrer"
              target="_blank"
            >
              edgecontext
            </a>
          </h3>
          <dl>
            <div>
              <dt>
                Description
                :
              </dt>
              <dd>
                request.edge_context payload definitions
              </dd>
            </div>
            <div>
              <dt>
                Homepage
                :
              </dt>
              <dd>
                <a
                  href="https://reddit-edgecontext.readthedocs.io"
                  rel="noreferrer"
                  target="_blank"
                >
                  https://reddit-edgecontext.readthedocs.io
                </a>
              </dd>
            </div>
            <div>
              <dt>
                Language
                :
              </dt>
              <dd>
                Python
              </dd>
            </div>
            <div>
              <dt>
                Stats
                :
              </dt>
              <dd>
                2
                 stars  |  
                6
                 forks
              </dd>
            </div>
            <div>
              <dt>
                Pushed
                :
              </dt>
              <dd>
                Dec 7, 2021, 09:12 PM
              </dd>
            </div>
          </dl>
        </div>
        <div>
          <h3>
            <a
              href="https://github.com/reddit/reddit-gtm-template"
              rel="noreferrer"
              target="_blank"
            >
              reddit-gtm-template
            </a>
          </h3>
          <dl>
            <div>
              <dt>
                Description
                :
              </dt>
              <dd>
                The official tag template for the Reddit conversion pixel for use with Google Tag Manager
              </dd>
            </div>
            <div>
              <dt>
                Language
                :
              </dt>
              <dd>
                Smarty
              </dd>
            </div>
            <div>
              <dt>
                Stats
                :
              </dt>
              <dd>
                4
                 stars  |  
                3
                 forks
              </dd>
            </div>
            <div>
              <dt>
                Pushed
                :
              </dt>
              <dd>
                Nov 29, 2021, 10:32 PM
              </dd>
            </div>
          </dl>
        </div>
        <div>
          <h3>
            <a
              href="https://github.com/reddit/fernet-go"
              rel="noreferrer"
              target="_blank"
            >
              fernet-go
            </a>
          </h3>
          <dl>
            <div>
              <dt>
                Fork?
                :
              </dt>
              <dd>
                Yes
              </dd>
            </div>
            <div>
              <dt>
                Description
                :
              </dt>
              <dd>
                Fernet generates and verifies HMAC-based authentication tokens.
              </dd>
            </div>
            <div>
              <dt>
                Homepage
                :
              </dt>
              <dd>
                <a
                  href="http://godoc.org/github.com/fernet/fernet-go"
                  rel="noreferrer"
                  target="_blank"
                >
                  http://godoc.org/github.com/fernet/fernet-go
                </a>
              </dd>
            </div>
            <div>
              <dt>
                Language
                :
              </dt>
              <dd>
                Go
              </dd>
            </div>
            <div>
              <dt>
                Pushed
                :
              </dt>
              <dd>
                Nov 17, 2021, 07:35 PM
              </dd>
            </div>
          </dl>
        </div>
        <div>
          <h3>
            <a
              href="https://github.com/reddit/baseplate-celery"
              rel="noreferrer"
              target="_blank"
            >
              baseplate-celery
            </a>
          </h3>
          <dl>
            <div>
              <dt>
                Language
                :
              </dt>
              <dd>
                Python
              </dd>
            </div>
            <div>
              <dt>
                Stats
                :
              </dt>
              <dd>
                2
                 stars  |  
                1
                 forks
              </dd>
            </div>
            <div>
              <dt>
                Pushed
                :
              </dt>
              <dd>
                Oct 26, 2021, 08:50 PM
              </dd>
            </div>
          </dl>
        </div>
        <div>
          <h3>
            <a
              href="https://github.com/reddit/node-api-client"
              rel="noreferrer"
              target="_blank"
            >
              node-api-client
            </a>
          </h3>
          <dl>
            <div>
              <dt>
                Language
                :
              </dt>
              <dd>
                JavaScript
              </dd>
            </div>
            <div>
              <dt>
                Stats
                :
              </dt>
              <dd>
                83
                 stars  |  
                30
                 forks
              </dd>
            </div>
            <div>
              <dt>
                Pushed
                :
              </dt>
              <dd>
                Oct 24, 2021, 09:12 PM
              </dd>
            </div>
          </dl>
        </div>
        <div>
          <h3>
            <a
              href="https://github.com/reddit/snudown"
              rel="noreferrer"
              target="_blank"
            >
              snudown
            </a>
          </h3>
          <dl>
            <div>
              <dt>
                Description
                :
              </dt>
              <dd>
                reddit's markdown renderer. based on sundown.
              </dd>
            </div>
            
            <div>
              <dt>
                Language
                :
              </dt>
              <dd>
                C
              </dd>
            </div>
            <div>
              <dt>
                Stats
                :
              </dt>
              <dd>
                154
                 stars  |  
                67
                 forks
              </dd>
            </div>
            <div>
              <dt>
                Pushed
                :
              </dt>
              <dd>
                Oct 20, 2021, 08:26 PM
              </dd>
            </div>
          </dl>
        </div>
        <div>
          <h3>
            <a
              href="https://github.com/reddit/drone-kaniko"
              rel="noreferrer"
              target="_blank"
            >
              drone-kaniko
            </a>
          </h3>
          <dl>
            <div>
              <dt>
                Fork?
                :
              </dt>
              <dd>
                Yes
              </dd>
            </div>
            <div>
              <dt>
                Description
                :
              </dt>
              <dd>
                Drone plugin for building and publishing Docker images
              </dd>
            </div>
            <div>
              <dt>
                Language
                :
              </dt>
              <dd>
                Go
              </dd>
            </div>
            <div>
              <dt>
                Pushed
                :
              </dt>
              <dd>
                Oct 19, 2021, 01:16 AM
              </dd>
            </div>
          </dl>
        </div>
        <div>
          <h3>
            <a
              href="https://github.com/reddit/AlienBlue"
              rel="noreferrer"
              target="_blank"
            >
              AlienBlue
            </a>
          </h3>
          <dl>
            <div>
              <dt>
                Description
                :
              </dt>
              <dd>
                Alien Blue iOS app - r/AlienBlue
              </dd>
            </div>
            <div>
              <dt>
                Language
                :
              </dt>
              <dd>
                Objective-C
              </dd>
            </div>
            <div>
              <dt>
                Stats
                :
              </dt>
              <dd>
                43
                 stars  |  
                7
                 forks
              </dd>
            </div>
            <div>
              <dt>
                Pushed
                :
              </dt>
              <dd>
                Oct 14, 2021, 11:06 PM
              </dd>
            </div>
          </dl>
        </div>
        <div>
          <h3>
            <a
              href="https://github.com/reddit/rpan-studio"
              rel="noreferrer"
              target="_blank"
            >
              rpan-studio
            </a>
          </h3>
          <dl>
            <div>
              <dt>
                Description
                :
              </dt>
              <dd>
                RPAN Studio
              </dd>
            </div>
            <div>
              <dt>
                Language
                :
              </dt>
              <dd>
                C
              </dd>
            </div>
            <div>
              <dt>
                Stats
                :
              </dt>
              <dd>
                215
                 stars  |  
                48
                 forks
              </dd>
            </div>
            <div>
              <dt>
                Pushed
                :
              </dt>
              <dd>
                Oct 11, 2021, 06:53 PM
              </dd>
            </div>
          </dl>
        </div>
        <div>
          <h3>
            <a
              href="https://github.com/reddit/IndicatorFastScroll"
              rel="noreferrer"
              target="_blank"
            >
              IndicatorFastScroll
            </a>
          </h3>
          <dl>
            <div>
              <dt>
                Description
                :
              </dt>
              <dd>
                Android library providing a simple UI control for scrolling through RecyclerViews
              </dd>
            </div>
            
            <div>
              <dt>
                Language
                :
              </dt>
              <dd>
                Kotlin
              </dd>
            </div>
            <div>
              <dt>
                Stats
                :
              </dt>
              <dd>
                659
                 stars  |  
                39
                 forks
              </dd>
            </div>
            <div>
              <dt>
                Pushed
                :
              </dt>
              <dd>
                Oct 3, 2021, 03:00 PM
              </dd>
            </div>
          </dl>
        </div>
        <div>
          <h3>
            <a
              href="https://github.com/reddit/thrift-compiler"
              rel="noreferrer"
              target="_blank"
            >
              thrift-compiler
            </a>
          </h3>
          <dl>
            <div>
              <dt>
                Description
                :
              </dt>
              <dd>
                a thrift compiler in a docker container
              </dd>
            </div>
            
            <div>
              <dt>
                Language
                :
              </dt>
              <dd>
                Dockerfile
              </dd>
            </div>
            <div>
              <dt>
                Stats
                :
              </dt>
              <dd>
                0
                 stars  |  
                3
                 forks
              </dd>
            </div>
            <div>
              <dt>
                Pushed
                :
              </dt>
              <dd>
                Sep 13, 2021, 06:36 PM
              </dd>
            </div>
          </dl>
        </div>
        <div>
          <h3>
            <a
              href="https://github.com/reddit/docker-bazelisk"
              rel="noreferrer"
              target="_blank"
            >
              docker-bazelisk
            </a>
          </h3>
          <dl>
            <div>
              <dt>
                Description
                :
              </dt>
              <dd>
                Docker image for Bazelisk
              </dd>
            </div>
            <div>
              <dt>
                Language
                :
              </dt>
              <dd>
                Dockerfile
              </dd>
            </div>
            <div>
              <dt>
                Stats
                :
              </dt>
              <dd>
                0
                 stars  |  
                1
                 forks
              </dd>
            </div>
            <div>
              <dt>
                Pushed
                :
              </dt>
              <dd>
                Aug 24, 2021, 02:01 AM
              </dd>
            </div>
          </dl>
        </div>
        <div>
          <h3>
            <a
              href="https://github.com/reddit/backup-utils"
              rel="noreferrer"
              target="_blank"
            >
              backup-utils
            </a>
          </h3>
          <dl>
            <div>
              <dt>
                Fork?
                :
              </dt>
              <dd>
                Yes
              </dd>
            </div>
            <div>
              <dt>
                Description
                :
              </dt>
              <dd>
                GitHub Enterprise Backup Utilities
              </dd>
            </div>
            
            <div>
              <dt>
                Language
                :
              </dt>
              <dd>
                Shell
              </dd>
            </div>
            <div>
              <dt>
                Stats
                :
              </dt>
              <dd>
                2
                 stars  |  
                1
                 forks
              </dd>
            </div>
            <div>
              <dt>
                Pushed
                :
              </dt>
              <dd>
                Aug 14, 2021, 01:31 AM
              </dd>
            </div>
          </dl>
        </div>
        <div>
          <h3>
            <a
              href="https://github.com/reddit/rollingpin"
              rel="noreferrer"
              target="_blank"
            >
              rollingpin
            </a>
          </h3>
          <dl>
            <div>
              <dt>
                Description
                :
              </dt>
              <dd>
                fast deploy to lots of servers
              </dd>
            </div>
            <div>
              <dt>
                Homepage
                :
              </dt>
              <dd>
                <a
                  href="https://redditblog.com/2017/06/02/the-evolution-of-code-deploys-at-reddit/"
                  rel="noreferrer"
                  target="_blank"
                >
                  https://redditblog.com/2017/06/02/the-evolution-of-code-deploys-at-reddit/
                </a>
              </dd>
            </div>
            <div>
              <dt>
                Language
                :
              </dt>
              <dd>
                Python
              </dd>
            </div>
            <div>
              <dt>
                Stats
                :
              </dt>
              <dd>
                141
                 stars  |  
                28
                 forks
              </dd>
            </div>
            <div>
              <dt>
                Pushed
                :
              </dt>
              <dd>
                Jun 23, 2021, 01:49 PM
              </dd>
            </div>
          </dl>
        </div>
        <div>
          <h3>
            <a
              href="https://github.com/reddit/experiments.py"
              rel="noreferrer"
              target="_blank"
            >
              experiments.py
            </a>
          </h3>
          <dl>
            <div>
              <dt>
                Description
                :
              </dt>
              <dd>
                reddit's python experiments framework
              </dd>
            </div>
            <div>
              <dt>
                Homepage
                :
              </dt>
              <dd>
                <a
                  href="https://reddit-experiments.readthedocs.io"
                  rel="noreferrer"
                  target="_blank"
                >
                  https://reddit-experiments.readthedocs.io
                </a>
              </dd>
            </div>
            <div>
              <dt>
                Language
                :
              </dt>
              <dd>
                Python
              </dd>
            </div>
            <div>
              <dt>
                Stats
                :
              </dt>
              <dd>
                4
                 stars  |  
                3
                 forks
              </dd>
            </div>
            <div>
              <dt>
                Pushed
                :
              </dt>
              <dd>
                Jun 17, 2021, 06:46 PM
              </dd>
            </div>
          </dl>
        </div>
        <div>
          <h3>
            <a
              href="https://github.com/reddit/iOS-interview"
              rel="noreferrer"
              target="_blank"
            >
              iOS-interview
            </a>
          </h3>
          <dl>
            <div>
              <dt>
                Description
                :
              </dt>
              <dd>
                Sandbox for the iOS Programming Interview
              </dd>
            </div>
            <div>
              <dt>
                Language
                :
              </dt>
              <dd>
                Swift
              </dd>
            </div>
            <div>
              <dt>
                Stats
                :
              </dt>
              <dd>
                1
                 stars  |  
                3
                 forks
              </dd>
            </div>
            <div>
              <dt>
                Pushed
                :
              </dt>
              <dd>
                May 7, 2021, 07:16 PM
              </dd>
            </div>
          </dl>
        </div>
        <div>
          <h3>
            <a
              href="https://github.com/reddit/dind-drone-plugin"
              rel="noreferrer"
              target="_blank"
            >
              dind-drone-plugin
            </a>
          </h3>
          <dl>
            <div>
              <dt>
                Fork?
                :
              </dt>
              <dd>
                Yes
              </dd>
            </div>
            <div>
              <dt>
                Description
                :
              </dt>
              <dd>
                Plugin for Drone CI v0.8+ to enable use of Testcontainers using Docker-in-Docker
              </dd>
            </div>
            
            <div>
              <dt>
                Pushed
                :
              </dt>
              <dd>
                Mar 24, 2021, 12:36 PM
              </dd>
            </div>
          </dl>
        </div>
        <div>
          <h3>
            <a
              href="https://github.com/reddit/dispatch"
              rel="noreferrer"
              target="_blank"
            >
              dispatch
            </a>
          </h3>
          <dl>
            <div>
              <dt>
                Fork?
                :
              </dt>
              <dd>
                Yes
              </dd>
            </div>
            <div>
              <dt>
                Description
                :
              </dt>
              <dd>
                All of the ad-hoc things you're doing to manage incidents today, done for you, and much more!
              </dd>
            </div>
            <div>
              <dt>
                Stats
                :
              </dt>
              <dd>
                0
                 stars  |  
                1
                 forks
              </dd>
            </div>
            <div>
              <dt>
                Pushed
                :
              </dt>
              <dd>
                Mar 15, 2021, 10:17 PM
              </dd>
            </div>
          </dl>
        </div>
        <div>
          <h3>
            <a
              href="https://github.com/reddit/thrift-python"
              rel="noreferrer"
              target="_blank"
            >
              thrift-python
            </a>
          </h3>
          <dl>
            <div>
              <dt>
                Stats
                :
              </dt>
              <dd>
                0
                 stars  |  
                1
                 forks
              </dd>
            </div>
            <div>
              <dt>
                Pushed
                :
              </dt>
              <dd>
                Mar 3, 2021, 08:17 PM
              </dd>
            </div>
          </dl>
        </div>
        <div>
          <h3>
            <a
              href="https://github.com/reddit/zap"
              rel="noreferrer"
              target="_blank"
            >
              zap
            </a>
          </h3>
          <dl>
            <div>
              <dt>
                Fork?
                :
              </dt>
              <dd>
                Yes
              </dd>
            </div>
            <div>
              <dt>
                Description
                :
              </dt>
              <dd>
                Blazing fast, structured, leveled logging in Go.
              </dd>
            </div>
            <div>
              <dt>
                Homepage
                :
              </dt>
              <dd>
                <a
                  href="https://godoc.org/go.uber.org/zap"
                  rel="noreferrer"
                  target="_blank"
                >
                  https://godoc.org/go.uber.org/zap
                </a>
              </dd>
            </div>
            <div>
              <dt>
                Language
                :
              </dt>
              <dd>
                Go
              </dd>
            </div>
            <div>
              <dt>
                Stats
                :
              </dt>
              <dd>
                0
                 stars  |  
                2
                 forks
              </dd>
            </div>
            <div>
              <dt>
                Pushed
                :
              </dt>
              <dd>
                Dec 4, 2020, 02:07 AM
              </dd>
            </div>
          </dl>
        </div>
        <div>
          <h3>
            <a
              href="https://github.com/reddit/reddit-coredns-plugins"
              rel="noreferrer"
              target="_blank"
            >
              reddit-coredns-plugins
            </a>
          </h3>
          <dl>
            <div>
              <dt>
                Description
                :
              </dt>
              <dd>
                Some CoreDNS plugins that reddit made
              </dd>
            </div>
            <div>
              <dt>
                Language
                :
              </dt>
              <dd>
                Go
              </dd>
            </div>
            <div>
              <dt>
                Stats
                :
              </dt>
              <dd>
                1
                 stars  |  
                1
                 forks
              </dd>
            </div>
            <div>
              <dt>
                Pushed
                :
              </dt>
              <dd>
                Jul 11, 2020, 04:06 AM
              </dd>
            </div>
          </dl>
        </div>
        <div>
          <h3>
            <a
              href="https://github.com/reddit/obs-browser-plugin"
              rel="noreferrer"
              target="_blank"
            >
              obs-browser-plugin
            </a>
          </h3>
          <dl>
            <div>
              <dt>
                Description
                :
              </dt>
              <dd>
                Browser plugin for OBS Studio
              </dd>
            </div>
            <div>
              <dt>
                Language
                :
              </dt>
              <dd>
                C++
              </dd>
            </div>
            <div>
              <dt>
                Stats
                :
              </dt>
              <dd>
                7
                 stars  |  
                1
                 forks
              </dd>
            </div>
            <div>
              <dt>
                Pushed
                :
              </dt>
              <dd>
                Jul 1, 2020, 10:30 PM
              </dd>
            </div>
          </dl>
        </div>
        <div>
          <div>
            <span>
              &lt; Previous
            </span>
               Page 
            <span>
              1
            </span>
            /
            3
               
            <a
              href="/search?username=reddit&page=2"
              onClick={[Function]}
            >
              Next &gt;
            </a>
          </div>
        </div>
      </div>
    </div>
  </div>
</div>
`;
