// Jest Snapshot v1, https://goo.gl/fbAQLP

exports[`<CompanyList> transforms company names prefixed with '@' into links to each company's GitHub username 1`] = `
Array [
  <a
    href="https://github.com/Google"
    rel="noreferrer"
    target="_blank"
  >
    @Google
  </a>,
  ", ",
  <a
    href="https://github.com/Microsoft"
    rel="noreferrer"
    target="_blank"
  >
    @Microsoft
  </a>,
  ", ",
  "OtherCompany",
]
`;
